// Jest Snapshot v1, https://goo.gl/fbAQLP

exports[`AddNewDestinationForm should render blank form 1`] = `
<Form
  as="form"
  onSubmit={[Function]}
>
  <FormGroup>
    <FormInput
      as={[Function]}
      control={[Function]}
      destination="destination"
      onChange={[Function]}
      placeholder="New destination"
      value=""
    />
    <FormButton
      as={[Function]}
      color="green"
      content="Submit"
      control={[Function]}
      onClick={[Function]}
    />
  </FormGroup>
</Form>
`;
