// Jest Snapshot v1, https://goo.gl/fbAQLP

exports[`DestinationRow should render when given a name and id 1`] = `
<div>
  <Connect(RemoveDestinationButton)
    id={1}
  />
  <Segment
    compact={true}
  >
    <DestinationHeader
      name="Tartine"
    />
  </Segment>
  <Segment
    compact={true}
    textAlign="center"
  >
    <Wrapper
      id={1}
    />
  </Segment>
</div>
`;
